// Jest Snapshot v1, https://goo.gl/fbAQLP

exports[`build_action calling create_build rejects returned promise when build fails 1`] = `"foo bar"`;
